// Vitest Snapshot v1, https://vitest.dev/guide/snapshot.html

exports[`featurePopupContent >  1`] = `"<h4 class=\\"title is-4\\"><span class=\\"t\\" data-t=\\"popup.node\\">Node</span> <a href=\\"//www.openstreetmap.org/node/270198479\\" target=\\"_blank\\">270198479</a> <a href=\\"//www.openstreetmap.org/edit?node=270198479\\" target=\\"_blank\\">✏</a></h4><h5 class=\\"subtitle is-5\\"><span class=\\"t\\" data-t=\\"popup.tags\\">Tags</span> <span class=\\"tag is-info is-light\\">3</span></h5><ul><li><span class=\\"is-family-monospace\\">amenity = drinking_water</span></li><li><span class=\\"is-family-monospace\\">fountain = roman_wolf</span></li><li><span class=\\"is-family-monospace\\">wikimedia_commons = <a href=\\"//commons.wikimedia.org/wiki/File:Roman Wolf Fountain, Villa Celimontana, Roma, Italia Sep 01, 2020 12-41-19 PM.jpeg\\" target=\\"_blank\\">File:Roman Wolf Fountain, Villa Celimontana, Roma, Italia Sep 01, 2020 12-41-19 PM.jpeg</a></span></li></ul><h4 class=\\"subtitle is-5\\"><span class=\\"t\\" data-t=\\"popup.metadata\\">Metadata</span></h4><ul><li><span class=\\"is-family-monospace\\">timestamp = 2022-10-03T09:17:16Z</span></li><li><span class=\\"is-family-monospace\\">version = 4</span></li><li><span class=\\"is-family-monospace\\">changeset = <a href=\\"//www.openstreetmap.org/changeset/126925539\\" target=\\"_blank\\">126925539</a></span></li><li><span class=\\"is-family-monospace\\">user = <a href=\\"//www.openstreetmap.org/user/Friendly_Ghost\\" target=\\"_blank\\">Friendly_Ghost</a></span></li><li><span class=\\"is-family-monospace\\">uid = 10875409</span></li></ul><h3 class=\\"subtitle is-5\\"><span class=\\"t\\" data-t=\\"popup.coordinates\\">Coordinates</span></h3><p><a href=\\"geo:41.8837598,12.4947844\\">41.8837598 / 12.4947844</a> <small>(lat/lon)</small></p>"`;

exports[`featurePopupContent >  2`] = `"<h4 class=\\"title is-4\\"><span class=\\"t\\" data-t=\\"popup.relation\\">Relation</span> <a href=\\"//www.openstreetmap.org/relation/1243821\\" target=\\"_blank\\">1243821</a> <a href=\\"//www.openstreetmap.org/edit?relation=1243821\\" target=\\"_blank\\">✏</a></h4><h5 class=\\"subtitle is-5\\"><span class=\\"t\\" data-t=\\"popup.tags\\">Tags</span> <span class=\\"tag is-info is-light\\">20</span></h5><ul><li><span class=\\"is-family-monospace\\">architect = André and Jean Polak</span></li><li><span class=\\"is-family-monospace\\">architect:wikidata = <a href=\\"//www.wikidata.org/wiki/Q2848896\\" target=\\"_blank\\">Q2848896</a></span></li><li><span class=\\"is-family-monospace\\">building = yes</span></li><li><span class=\\"is-family-monospace\\">contact:email = <a href=\\"mailto:info@atomium.be\\" target=\\"_blank\\">info@atomium.be</a></span></li><li><span class=\\"is-family-monospace\\">contact:phone = <a href=\\"tel:+32 2 475 47 75\\" target=\\"_blank\\">+32 2 475 47 75</a></span></li><li><span class=\\"is-family-monospace\\">contact:website = <a href=\\"https://www.atomium.be/\\" target=\\"_blank\\">https://www.atomium.be/</a></span></li><li><span class=\\"is-family-monospace\\">engineer = André Waterkeyn</span></li><li><span class=\\"is-family-monospace\\">engineer:wikidata = <a href=\\"//www.wikidata.org/wiki/Q523346\\" target=\\"_blank\\">Q523346</a></span></li><li><span class=\\"is-family-monospace\\">height = 102</span></li><li><span class=\\"is-family-monospace\\">image = <a href=\\"https://images.mapillary.com/dWS3qotev3rzfk3zwkB0nu/thumb-2048.jpg\\" target=\\"_blank\\">https://images.mapillary.com/dWS3qotev3rzfk3zwkB0nu/thumb-2048.jpg</a></span></li><li><span class=\\"is-family-monospace\\">layer = 1</span></li><li><span class=\\"is-family-monospace\\">mapillary = <a href=\\"https://www.mapillary.com/app?focus=photo&pKey=291574785922785\\" target=\\"_blank\\">291574785922785</a></span></li><li><span class=\\"is-family-monospace\\">name = Atomium</span></li><li><span class=\\"is-family-monospace\\">start_date = 1958</span></li><li><span class=\\"is-family-monospace\\">toilets:wheelchair = yes</span></li><li><span class=\\"is-family-monospace\\">tourism = attraction</span></li><li><span class=\\"is-family-monospace\\">type = multipolygon</span></li><li><span class=\\"is-family-monospace\\">wheelchair = limited</span></li><li><span class=\\"is-family-monospace\\">wikidata = <a href=\\"//www.wikidata.org/wiki/Q180901\\" target=\\"_blank\\">Q180901</a></span></li><li><span class=\\"is-family-monospace\\">wikipedia = <a href=\\"//fr.wikipedia.org/wiki/Atomium\\" target=\\"_blank\\">fr:Atomium</a></span></li></ul><h3 class=\\"subtitle is-5\\"><span class=\\"t\\" data-t=\\"popup.coordinates\\">Coordinates</span></h3><p><a href=\\"geo:50.894924,4.3415237\\">50.894924 / 4.3415237</a> <small>(lat/lon)</small></p>"`;
